<?php
namespace NS;
use B;
use C;
new B;
new C;
?>