<?php
namespace NS;

use A;
use B;
use C;

new A();
new B();
new C();
