<?php
//passes:Default,PSR2ModifierVisibilityStaticOrder
class Foo {
	public $var;
	protected $var_foo;
	private $FooBar;
	public static $var3;
	protected static $var_foo2;
	private static $FooBar2;
	public static $var4;
	protected static $var_foo3;
	private static $FooBar3;
	private static $FooBar5;
	public $old = 'foo';
}

abstract class FooX {
	public function foo1() {}
	public function foo2() {}
	protected function foo3() {}
	abstract protected function foo4();
	private function foo5() {}
	final public function foo6() {}
	abstract public function foo7();
	final public function foo8() {}
	abstract public function foo9();
	public static function fooA() {}
	public static function fooD() {}
	final public static function fooE() {}
	public static function fooEE() {}
	abstract public function fooF();
	public function fooG($foo) {}
	public function fooH() {
		static $foo;
		$bar = function ($baz) {};
	}
}

function foo412() {
	static $class;
	$interface = 'foo';
	$trait     = 'bar';
}

class Foo3 {
	public $foo;
	private $foo2;
	protected $bar1, $bar2;
	public $baz1 = null, $baz2, $baz3 = false;
}

class ClassName extends AnotherClass {
	public function __construct() {}
}

class MyClass {
	public static function whatever($things) {
	}
}

class std_object {
	public function method_name() {}
}