<?php
//passes:JoinToImplode,Default
$str = implode(',', $arr);

$a = new stdClass();
$a->join(',');

SomeClass::join(',');
