<?php
//passes:JoinToImplode,Default

/* comment */implode/** doc comment */();

Somclass\join();
Join\do();

new Join\ClassName();
