<?php
//passes:Default,ReplaceIsNull

if (null === $a) {

}

if (null/*aaa*/ === /*aaa*/$a
// hello world
);