<?php echo "Hello World"?>
<?php
//passes:Default,ConvertOpenTagWithEcho