<?php
//passes: ReplaceBooleanAndOr
if ($a && $b || $c) {

}