<?php
//passes:OrganizeClass
abstract class AdditionalPass extends FormatterPass {
	abstract public function getDescription();

	abstract public function getExample();
}
