<?php
//passes:GeneratePHPDoc
class A {
	/**
	 * @param $a
	 */
	public function b($a) {
	}
}