<?php
//passes: GeneratePHPDoc

trait SomeTrait {
	/**
	 * @var array
	 */
	private $x = [];

	/**
	 * @var int
	 */
	private $t = 1;

	/**
	 * @param $a
	 */
	public function doSomething($a) {
		$this->x[$this->$t] = $a;
	}
}

interface Database {
	/**
	 * @param array $params
	 */
	public function find(array $params);

	/**
	 * @param $id
	 * @param array $options
	 */
	public function fetchBy($id, array $options = []);
}

class MySQL implements Database {
	use SomeTrait;
	use SomeOtherTrait;

	/**
	 * @var int
	 */
	private $a = 1;

	/**
	 * @var array
	 */
	private $b = [];

	/**
	 * @param $a
	 * @param array $b
	 */
	public function __construct($a, array $b) {
		$this->a = $a;
		$this->b = $b;
	}

	/**
	 * @param array $params
	 */
	public function find(array $params) {

	}

	/**
	 * @param $id
	 * @param array $options
	 */
	public function fetchBy($id, array $options = []) {

	}
}