<?php
//passes: SplitElseIf

if ($a) {
	$b;
} else if ($b) {
	$c;
}

if ($a) {
	$b;
} else if ($b) {
	$c;
}
