<?php
//passes:Reindent
namespace App\Entity;

use ApiPlatform\Metadata\ApiProperty;

class MyClass {
	#[ApiProperty(
		description: <<<UwU
            text text.

            * text text.
            * text text.
            UwU,
	)]
	public string $myProperty;
}