<?php
//passes:OrganizeClass
//version:8.0.0
namespace App\Entity;

use App\Repository\AddressRepository;
use Doctrine\ORM\Mapping as ORM;

#[ORM\Entity(repositoryClass: AddressRepository::class)]
class Address {
	#[ORM\Int]
	#[ORM\GeneratedValue]
	#[ORM\Column]
	public ?int $store_id = null;

	#[ORM\Id]
	#[ORM\GeneratedValue]
	#[ORM\Column]
	private ?int $id = null;
}