<?php
class A
{
    public function b()
    {
        $this->b->execute(
            function ($a) {
                return false;
            }
        );
    }
}
