<?php
class ClassName extends AnotherClass
{
    public function __construct()
    {
        return new static;
    }
}
