<?php
class SomeService
{
    private static function doA()
    {
        return true;
    }
    protected static function doB($var)
    {
        $v = static::doA($var);
    }
}
