<?php

class A
{

    public function index()
    {

    }

    /**
     * Show the form for creating a new resource.
     * GET /user/create
     *
     * @return Response
     */
}

class B
{

    public function index()
    {

    }

    /**
     * Show the form for creating a new resource.
     * GET /user/create
     *
     * @return Response
     */
    public function b()
    {

    }
}

class C
{

    public function index()
    {

    }

    public function b()
    {
        /**
         * Show the form for creating a new resource.
         * GET /user/create
         *
         * @return Response
         */
    }
}
